// Jest Snapshot v1, https://goo.gl/fbAQLP

exports[`Button component should render correctly 1`] = `
<button
  className="sfxbk49"
  onClick={[MockFunction]}
  type="button"
>
  Click me
</button>
`;
